<testsuites id="" name="" tests="39" failures="2" skipped="24" errors="0" time="243.21011800000002">
<testsuite name="policy-modify.spec.js" timestamp="2023-11-20T11:46:20.558Z" hostname="chromium" tests="13" failures="0" skipped="0" time="192.333" errors="0">
<testcase name="" classname="policy-modify.spec.js" time="9.207">
</testcase>
<testcase name="Add/Save a Policy with 1 character in name and description" classname="policy-modify.spec.js" time="8.473">
</testcase>
<testcase name="Add/Save a Policy with greater than 1000 characters in name and description" classname="policy-modify.spec.js" time="8.428">
</testcase>
<testcase name="Negative Neutral Exceeded Check" classname="policy-modify.spec.js" time="9.224">
</testcase>
<testcase name="Add/Save a Policy with International name and description" classname="policy-modify.spec.js" time="13.204">
</testcase>
<testcase name="Add/Save a Policy with 1000 characters (Max limit) in name and description" classname="policy-modify.spec.js" time="12.104">
</testcase>
<testcase name="Add/Save a Policy with 10 numbers in name and description" classname="policy-modify.spec.js" time="12.061">
</testcase>
<testcase name="Add/Save a Policy with all special characters in name and description" classname="policy-modify.spec.js" time="12.124">
</testcase>
<testcase name="Add/Save a Policy with 1 applications selected." classname="policy-modify.spec.js" time="15.14">
</testcase>
<testcase name="Verify Duplication of policy." classname="policy-modify.spec.js" time="12.087">
</testcase>
<testcase name="Validate that user is able to create the policy" classname="policy-modify.spec.js" time="24.149">
</testcase>
<testcase name="Validate that user is able to create duplicate policy." classname="policy-modify.spec.js" time="17.835">
</testcase>
<testcase name="Validate that user is able to edit the policy and save it." classname="policy-modify.spec.js" time="38.297">
</testcase>
</testsuite>
<testsuite name="policy-modify.spec.js" timestamp="2023-11-20T11:46:20.558Z" hostname="firefox" tests="13" failures="1" skipped="12" time="0.008" errors="0">
<testcase name="" classname="policy-modify.spec.js" time="0.008">
<failure message="policy-modify.spec.js:34:5 " type="FAILURE">
<![CDATA[  [firefox] › policy-modify.spec.js:34:5 ›  ────────────────────────────────────────────────────────

    Error: page.goto: Target page, context or browser has been closed
    Call log:
      - navigating to "https://staging.cloudpager.net/admin/applications/all", waiting until "load"


       at ..\page-object\login-page.js:20

      18 |
      19 |     async openURL(url) {
    > 20 |         await this.page.goto(url);
         |                         ^
      21 |         await this.page.waitForLoadState('networkidle');
      22 |     }
      23 |

        at LoginPage.openURL (F:\CloudPager\src\page-object\login-page.js:20:25)
        at F:\CloudPager\src\tests\policy-modify.spec.js:17:21
]]>
</failure>
</testcase>
<testcase name="Add/Save a Policy with 1 character in name and description" classname="policy-modify.spec.js" time="0">
<skipped>
</skipped>
</testcase>
<testcase name="Add/Save a Policy with greater than 1000 characters in name and description" classname="policy-modify.spec.js" time="0">
<skipped>
</skipped>
</testcase>
<testcase name="Negative Neutral Exceeded Check" classname="policy-modify.spec.js" time="0">
<skipped>
</skipped>
</testcase>
<testcase name="Add/Save a Policy with International name and description" classname="policy-modify.spec.js" time="0">
<skipped>
</skipped>
</testcase>
<testcase name="Add/Save a Policy with 1000 characters (Max limit) in name and description" classname="policy-modify.spec.js" time="0">
<skipped>
</skipped>
</testcase>
<testcase name="Add/Save a Policy with 10 numbers in name and description" classname="policy-modify.spec.js" time="0">
<skipped>
</skipped>
</testcase>
<testcase name="Add/Save a Policy with all special characters in name and description" classname="policy-modify.spec.js" time="0">
<skipped>
</skipped>
</testcase>
<testcase name="Add/Save a Policy with 1 applications selected." classname="policy-modify.spec.js" time="0">
<skipped>
</skipped>
</testcase>
<testcase name="Verify Duplication of policy." classname="policy-modify.spec.js" time="0">
<skipped>
</skipped>
</testcase>
<testcase name="Validate that user is able to create the policy" classname="policy-modify.spec.js" time="0">
<skipped>
</skipped>
</testcase>
<testcase name="Validate that user is able to create duplicate policy." classname="policy-modify.spec.js" time="0">
<skipped>
</skipped>
</testcase>
<testcase name="Validate that user is able to edit the policy and save it." classname="policy-modify.spec.js" time="0">
<skipped>
</skipped>
</testcase>
</testsuite>
<testsuite name="policy-modify.spec.js" timestamp="2023-11-20T11:46:20.558Z" hostname="webkit" tests="13" failures="1" skipped="12" time="0.008" errors="0">
<testcase name="" classname="policy-modify.spec.js" time="0.008">
<failure message="policy-modify.spec.js:34:5 " type="FAILURE">
<![CDATA[  [webkit] › policy-modify.spec.js:34:5 ›  ─────────────────────────────────────────────────────────

    Error: page.goto: Target page, context or browser has been closed
    Call log:
      - navigating to "https://staging.cloudpager.net/admin/applications/all", waiting until "load"


       at ..\page-object\login-page.js:20

      18 |
      19 |     async openURL(url) {
    > 20 |         await this.page.goto(url);
         |                         ^
      21 |         await this.page.waitForLoadState('networkidle');
      22 |     }
      23 |

        at LoginPage.openURL (F:\CloudPager\src\page-object\login-page.js:20:25)
        at F:\CloudPager\src\tests\policy-modify.spec.js:17:21
]]>
</failure>
</testcase>
<testcase name="Add/Save a Policy with 1 character in name and description" classname="policy-modify.spec.js" time="0">
<skipped>
</skipped>
</testcase>
<testcase name="Add/Save a Policy with greater than 1000 characters in name and description" classname="policy-modify.spec.js" time="0">
<skipped>
</skipped>
</testcase>
<testcase name="Negative Neutral Exceeded Check" classname="policy-modify.spec.js" time="0">
<skipped>
</skipped>
</testcase>
<testcase name="Add/Save a Policy with International name and description" classname="policy-modify.spec.js" time="0">
<skipped>
</skipped>
</testcase>
<testcase name="Add/Save a Policy with 1000 characters (Max limit) in name and description" classname="policy-modify.spec.js" time="0">
<skipped>
</skipped>
</testcase>
<testcase name="Add/Save a Policy with 10 numbers in name and description" classname="policy-modify.spec.js" time="0">
<skipped>
</skipped>
</testcase>
<testcase name="Add/Save a Policy with all special characters in name and description" classname="policy-modify.spec.js" time="0">
<skipped>
</skipped>
</testcase>
<testcase name="Add/Save a Policy with 1 applications selected." classname="policy-modify.spec.js" time="0">
<skipped>
</skipped>
</testcase>
<testcase name="Verify Duplication of policy." classname="policy-modify.spec.js" time="0">
<skipped>
</skipped>
</testcase>
<testcase name="Validate that user is able to create the policy" classname="policy-modify.spec.js" time="0">
<skipped>
</skipped>
</testcase>
<testcase name="Validate that user is able to create duplicate policy." classname="policy-modify.spec.js" time="0">
<skipped>
</skipped>
</testcase>
<testcase name="Validate that user is able to edit the policy and save it." classname="policy-modify.spec.js" time="0">
<skipped>
</skipped>
</testcase>
</testsuite>
</testsuites>